../Core/Src/main.c:91:9:USART_kbhit	4	static
../Core/Src/main.c:100:9:USART_getchar	16	static
../Core/Src/main.c:112:6:USART_fsend	152	static,ignoring_inline_asm
../Core/Src/main.c:144:6:HAL_UART_TxCpltCallback	24	static
../Core/Src/main.c:155:6:sendResponse	1304	static
../Core/Src/main.c:174:6:processCommand	800	static
../Core/Src/main.c:228:6:HAL_UART_RxCpltCallback	16	static
../Core/Src/main.c:237:6:resetFrameState	4	static
../Core/Src/main.c:243:6:sendStatus	16	static
../Core/Src/main.c:251:6:processReceivedChar	280	static
../Core/Src/main.c:304:10:ascii_to_int	24	static
../Core/Src/main.c:319:5:main	16	static
../Core/Src/main.c:376:6:SystemClock_Config	88	static
../Core/Src/main.c:418:13:MX_TIM2_Init	48	static
../Core/Src/main.c:466:13:MX_USART2_UART_Init	8	static
../Core/Src/main.c:499:13:MX_GPIO_Init	40	static
../Core/Src/main.c:541:6:Error_Handler	4	static,ignoring_inline_asm
