../Core/Src/main.c:87:9:USART_kbhit	4	static
../Core/Src/main.c:96:9:USART_getchar	16	static
../Core/Src/main.c:108:6:USART_fsend	152	static,ignoring_inline_asm
../Core/Src/main.c:139:5:processFrame	280	static
../Core/Src/main.c:154:6:HAL_UART_TxCpltCallback	24	static
../Core/Src/main.c:179:6:sendResponse	792	static
../Core/Src/main.c:196:6:processCommand	792	static
../Core/Src/main.c:226:6:HAL_UART_RxCpltCallback	16	static
../Core/Src/main.c:241:5:main	536	static
../Core/Src/main.c:336:6:SystemClock_Config	88	static
../Core/Src/main.c:378:13:MX_TIM2_Init	48	static
../Core/Src/main.c:426:13:MX_USART2_UART_Init	8	static
../Core/Src/main.c:459:13:MX_GPIO_Init	40	static
../Core/Src/main.c:501:6:Error_Handler	4	static,ignoring_inline_asm
