../Core/Src/main.c:91:9:USART_kbhit	4	static
../Core/Src/main.c:100:9:USART_getchar	16	static
../Core/Src/main.c:112:6:USART_fsend	152	static,ignoring_inline_asm
../Core/Src/main.c:143:5:processFrame	288	static
../Core/Src/main.c:158:6:HAL_UART_TxCpltCallback	24	static
../Core/Src/main.c:169:6:sendResponse	792	static
../Core/Src/main.c:187:6:processCommand	800	static
../Core/Src/main.c:241:6:HAL_UART_RxCpltCallback	16	static
../Core/Src/main.c:250:6:resetFrameState	4	static
../Core/Src/main.c:256:6:sendStatus	16	static
../Core/Src/main.c:264:6:processReceivedChar	280	static
../Core/Src/main.c:323:5:main	16	static
../Core/Src/main.c:379:6:SystemClock_Config	88	static
../Core/Src/main.c:421:13:MX_TIM2_Init	48	static
../Core/Src/main.c:469:13:MX_USART2_UART_Init	8	static
../Core/Src/main.c:502:13:MX_GPIO_Init	40	static
../Core/Src/main.c:544:6:Error_Handler	4	static,ignoring_inline_asm
