../Core/Src/main.c:91:9:USART_kbhit	2
../Core/Src/main.c:100:9:USART_getchar	3
../Core/Src/main.c:112:6:USART_fsend	6
../Core/Src/main.c:143:5:processFrame	2
../Core/Src/main.c:158:6:HAL_UART_TxCpltCallback	4
../Core/Src/main.c:169:6:sendResponse	3
../Core/Src/main.c:187:6:processCommand	10
../Core/Src/main.c:241:6:HAL_UART_RxCpltCallback	3
../Core/Src/main.c:250:6:resetFrameState	1
../Core/Src/main.c:256:6:sendStatus	2
../Core/Src/main.c:264:6:processReceivedChar	14
../Core/Src/main.c:323:5:main	3
../Core/Src/main.c:379:6:SystemClock_Config	3
../Core/Src/main.c:421:13:MX_TIM2_Init	4
../Core/Src/main.c:469:13:MX_USART2_UART_Init	2
../Core/Src/main.c:502:13:MX_GPIO_Init	1
../Core/Src/main.c:544:6:Error_Handler	1
