../Core/Src/main.c:87:9:USART_kbhit	2
../Core/Src/main.c:96:9:USART_getchar	3
../Core/Src/main.c:108:6:USART_fsend	6
../Core/Src/main.c:139:5:processFrame	2
../Core/Src/main.c:154:6:HAL_UART_TxCpltCallback	4
../Core/Src/main.c:179:6:sendResponse	1
../Core/Src/main.c:196:6:processCommand	5
../Core/Src/main.c:226:6:HAL_UART_RxCpltCallback	3
../Core/Src/main.c:241:5:main	13
../Core/Src/main.c:336:6:SystemClock_Config	3
../Core/Src/main.c:378:13:MX_TIM2_Init	4
../Core/Src/main.c:426:13:MX_USART2_UART_Init	2
../Core/Src/main.c:459:13:MX_GPIO_Init	1
../Core/Src/main.c:501:6:Error_Handler	1
